WARNING: Position 参議院議員 (Q14552828) not in boundary associated_wikidata_positions
WARNING: the district 北海道選挙区 (Q5878063) wasn't found in the boundary data for position 参議院議員 (Q14552828)
WARNING: the district 東京都選挙区 (Q7813827) wasn't found in the boundary data for position 参議院議員 (Q14552828)
WARNING: the district 広島県選挙区 (Q11485250) wasn't found in the boundary data for position 参議院議員 (Q14552828)
WARNING: the district 栃木県選挙区 (Q7811986) wasn't found in the boundary data for position 参議院議員 (Q14552828)
WARNING: the district 神奈川県選挙区 (Q6360260) wasn't found in the boundary data for position 参議院議員 (Q14552828)
WARNING: the district 徳島県・高知県選挙区 (Q22130464) wasn't found in the boundary data for position 参議院議員 (Q14552828)
WARNING: the district 沖縄県選挙区 (Q7082015) wasn't found in the boundary data for position 参議院議員 (Q14552828)
WARNING: the district 福岡県選挙区 (Q5507682) wasn't found in the boundary data for position 参議院議員 (Q14552828)
WARNING: the district 山口県選挙区 (Q8047639) wasn't found in the boundary data for position 参議院議員 (Q14552828)
WARNING: the district 宮城県選挙区 (Q11453975) wasn't found in the boundary data for position 参議院議員 (Q14552828)
WARNING: the district 福岡県選挙区 (Q5507682) wasn't found in the boundary data for position 参議院議員 (Q14552828)
WARNING: the district 岐阜県選挙区 (Q11471858) wasn't found in the boundary data for position 参議院議員 (Q14552828)
WARNING: the district 千葉県選挙区 (Q11406692) wasn't found in the boundary data for position 参議院議員 (Q14552828)
WARNING: the district 石川県選挙区 (Q11586273) wasn't found in the boundary data for position 参議院議員 (Q14552828)
WARNING: the district 静岡県選挙区 (Q11663565) wasn't found in the boundary data for position 参議院議員 (Q14552828)
WARNING: the district 静岡県選挙区 (Q11663565) wasn't found in the boundary data for position 参議院議員 (Q14552828)
WARNING: the district 北海道選挙区 (Q5878063) wasn't found in the boundary data for position 参議院議員 (Q14552828)
WARNING: the district 北海道選挙区 (Q5878063) wasn't found in the boundary data for position 参議院議員 (Q14552828)
WARNING: the district 愛知県選挙区 (Q4696561) wasn't found in the boundary data for position 参議院議員 (Q14552828)
WARNING: the district 長野県選挙区 (Q11654789) wasn't found in the boundary data for position 参議院議員 (Q14552828)
WARNING: the district 山梨県選挙区 (Q11469912) wasn't found in the boundary data for position 参議院議員 (Q14552828)
WARNING: the district 新潟県選挙区 (Q11503570) wasn't found in the boundary data for position 参議院議員 (Q14552828)
WARNING: the district 山口県選挙区 (Q8047639) wasn't found in the boundary data for position 参議院議員 (Q14552828)
WARNING: the district 大阪府選挙区 (Q11441412) wasn't found in the boundary data for position 参議院議員 (Q14552828)
WARNING: the district 兵庫県選挙区 (Q11393644) wasn't found in the boundary data for position 参議院議員 (Q14552828)
WARNING: the district 岐阜県選挙区 (Q11471858) wasn't found in the boundary data for position 参議院議員 (Q14552828)
WARNING: the district 神奈川県選挙区 (Q6360260) wasn't found in the boundary data for position 参議院議員 (Q14552828)
WARNING: the district 大阪府選挙区 (Q11441412) wasn't found in the boundary data for position 参議院議員 (Q14552828)
WARNING: the district 香川県選挙区 (Q11667565) wasn't found in the boundary data for position 参議院議員 (Q14552828)
WARNING: the district 愛知県選挙区 (Q4696561) wasn't found in the boundary data for position 参議院議員 (Q14552828)
WARNING: the district 千葉県選挙区 (Q11406692) wasn't found in the boundary data for position 参議院議員 (Q14552828)
WARNING: the district 富山県選挙区 (Q11456830) wasn't found in the boundary data for position 参議院議員 (Q14552828)
WARNING: the district 福岡県選挙区 (Q5507682) wasn't found in the boundary data for position 参議院議員 (Q14552828)
WARNING: the district 宮崎県選挙区 (Q11454553) wasn't found in the boundary data for position 参議院議員 (Q14552828)
WARNING: the district 熊本県選挙区 (Q11568580) wasn't found in the boundary data for position 参議院議員 (Q14552828)
WARNING: the district 栃木県選挙区 (Q7811986) wasn't found in the boundary data for position 参議院議員 (Q14552828)
WARNING: the district 広島県選挙区 (Q11485250) wasn't found in the boundary data for position 参議院議員 (Q14552828)
WARNING: the district 茨城県選挙区 (Q11617820) wasn't found in the boundary data for position 参議院議員 (Q14552828)
WARNING: the district 東京都選挙区 (Q7813827) wasn't found in the boundary data for position 参議院議員 (Q14552828)
WARNING: the district 長崎県選挙区 (Q11652864) wasn't found in the boundary data for position 参議院議員 (Q14552828)
WARNING: the district 秋田県選挙区 (Q11595726) wasn't found in the boundary data for position 参議院議員 (Q14552828)
WARNING: the district 千葉県選挙区 (Q11406692) wasn't found in the boundary data for position 参議院議員 (Q14552828)
WARNING: the district 大阪府選挙区 (Q11441412) wasn't found in the boundary data for position 参議院議員 (Q14552828)
WARNING: the district 愛媛県選挙区 (Q11493789) wasn't found in the boundary data for position 参議院議員 (Q14552828)
WARNING: the district 山形県選挙区 (Q11468651) wasn't found in the boundary data for position 参議院議員 (Q14552828)
WARNING: the district 青森県選挙区 (Q11662532) wasn't found in the boundary data for position 参議院議員 (Q14552828)
WARNING: the district 秋田県選挙区 (Q11595726) wasn't found in the boundary data for position 参議院議員 (Q14552828)
WARNING: the district 群馬県選挙区 (Q5618878) wasn't found in the boundary data for position 参議院議員 (Q14552828)
WARNING: the district 京都府選挙区 (Q11375570) wasn't found in the boundary data for position 参議院議員 (Q14552828)
WARNING: the district 茨城県選挙区 (Q11617820) wasn't found in the boundary data for position 参議院議員 (Q14552828)
WARNING: the district 長崎県選挙区 (Q11652864) wasn't found in the boundary data for position 参議院議員 (Q14552828)
WARNING: the district 愛知県選挙区 (Q4696561) wasn't found in the boundary data for position 参議院議員 (Q14552828)
WARNING: the district 神奈川県選挙区 (Q6360260) wasn't found in the boundary data for position 参議院議員 (Q14552828)
WARNING: the district 島根県選挙区 (Q11476758) wasn't found in the boundary data for position 参議院議員 (Q14552828)
WARNING: the district 神奈川県選挙区 (Q6360260) wasn't found in the boundary data for position 参議院議員 (Q14552828)
WARNING: the district 大阪府選挙区 (Q11441412) wasn't found in the boundary data for position 参議院議員 (Q14552828)
WARNING: the district 高知県選挙区 (Q11672539) wasn't found in the boundary data for position 参議院議員 (Q14552828)
WARNING: the district 福井県選挙区 (Q11591709) wasn't found in the boundary data for position 参議院議員 (Q14552828)
WARNING: the district 大阪府選挙区 (Q11441412) wasn't found in the boundary data for position 参議院議員 (Q14552828)
WARNING: the district 富山県選挙区 (Q11456830) wasn't found in the boundary data for position 参議院議員 (Q14552828)
WARNING: the district 徳島県選挙区 (Q7813765) wasn't found in the boundary data for position 参議院議員 (Q14552828)
WARNING: the district 滋賀県選挙区 (Q11564965) wasn't found in the boundary data for position 参議院議員 (Q14552828)
WARNING: the district 奈良県選挙区 (Q11445411) wasn't found in the boundary data for position 参議院議員 (Q14552828)
WARNING: the district 広島県選挙区 (Q11485250) wasn't found in the boundary data for position 参議院議員 (Q14552828)
WARNING: the district 鳥取県選挙区 (Q11674827) wasn't found in the boundary data for position 参議院議員 (Q14552828)
WARNING: the district 愛知県選挙区 (Q4696561) wasn't found in the boundary data for position 参議院議員 (Q14552828)
WARNING: the district 埼玉県選挙区 (Q11427133) wasn't found in the boundary data for position 参議院議員 (Q14552828)
WARNING: the district 佐賀県選挙区 (Q11384873) wasn't found in the boundary data for position 参議院議員 (Q14552828)
WARNING: the district 香川県選挙区 (Q11667565) wasn't found in the boundary data for position 参議院議員 (Q14552828)
WARNING: the district 三重県選挙区 (Q11358172) wasn't found in the boundary data for position 参議院議員 (Q14552828)
WARNING: the district 千葉県選挙区 (Q11406692) wasn't found in the boundary data for position 参議院議員 (Q14552828)
WARNING: the district 神奈川県選挙区 (Q6360260) wasn't found in the boundary data for position 参議院議員 (Q14552828)
WARNING: the district 鳥取県・島根県選挙区 (Q21653763) wasn't found in the boundary data for position 参議院議員 (Q14552828)
WARNING: the district 福島県選挙区 (Q11593690) wasn't found in the boundary data for position 参議院議員 (Q14552828)
WARNING: the district 福井県選挙区 (Q11591709) wasn't found in the boundary data for position 参議院議員 (Q14552828)
WARNING: the district 福島県選挙区 (Q11593690) wasn't found in the boundary data for position 参議院議員 (Q14552828)
WARNING: the district 岡山県選挙区 (Q11472732) wasn't found in the boundary data for position 参議院議員 (Q14552828)
WARNING: the district 長野県選挙区 (Q11654789) wasn't found in the boundary data for position 参議院議員 (Q14552828)
WARNING: the district 滋賀県選挙区 (Q11564965) wasn't found in the boundary data for position 参議院議員 (Q14552828)
WARNING: the district 岩手県選挙区 (Q6100804) wasn't found in the boundary data for position 参議院議員 (Q14552828)
WARNING: the district 山梨県選挙区 (Q11469912) wasn't found in the boundary data for position 参議院議員 (Q14552828)
WARNING: the district 東京都選挙区 (Q7813827) wasn't found in the boundary data for position 参議院議員 (Q14552828)
WARNING: the district 愛知県選挙区 (Q4696561) wasn't found in the boundary data for position 参議院議員 (Q14552828)
WARNING: the district 大阪府選挙区 (Q11441412) wasn't found in the boundary data for position 参議院議員 (Q14552828)
WARNING: the district 兵庫県選挙区 (Q11393644) wasn't found in the boundary data for position 参議院議員 (Q14552828)
WARNING: the district 兵庫県選挙区 (Q11393644) wasn't found in the boundary data for position 参議院議員 (Q14552828)
WARNING: the district 大阪府選挙区 (Q11441412) wasn't found in the boundary data for position 参議院議員 (Q14552828)
WARNING: the district 福岡県選挙区 (Q5507682) wasn't found in the boundary data for position 参議院議員 (Q14552828)
WARNING: the district 神奈川県選挙区 (Q6360260) wasn't found in the boundary data for position 参議院議員 (Q14552828)
WARNING: the district 愛知県選挙区 (Q4696561) wasn't found in the boundary data for position 参議院議員 (Q14552828)
WARNING: the district 奈良県選挙区 (Q11445411) wasn't found in the boundary data for position 参議院議員 (Q14552828)
WARNING: the district 参議院比例区 (Q11410207) wasn't found in the boundary data for position 参議院議員 (Q14552828)
WARNING: the district 神奈川県選挙区 (Q6360260) wasn't found in the boundary data for position 参議院議員 (Q14552828)
WARNING: the district 茨城県選挙区 (Q11617820) wasn't found in the boundary data for position 参議院議員 (Q14552828)
WARNING: the district 北海道選挙区 (Q5878063) wasn't found in the boundary data for position 参議院議員 (Q14552828)
WARNING: the district 茨城県選挙区 (Q11617820) wasn't found in the boundary data for position 参議院議員 (Q14552828)
WARNING: the district 兵庫県選挙区 (Q11393644) wasn't found in the boundary data for position 参議院議員 (Q14552828)
WARNING: the district 東京都選挙区 (Q7813827) wasn't found in the boundary data for position 参議院議員 (Q14552828)
WARNING: the district 東京都選挙区 (Q7813827) wasn't found in the boundary data for position 参議院議員 (Q14552828)
WARNING: the district 京都府選挙区 (Q11375570) wasn't found in the boundary data for position 参議院議員 (Q14552828)
WARNING: the district 千葉県選挙区 (Q11406692) wasn't found in the boundary data for position 参議院議員 (Q14552828)
WARNING: the district 北海道選挙区 (Q5878063) wasn't found in the boundary data for position 参議院議員 (Q14552828)
WARNING: the district 岡山県選挙区 (Q11472732) wasn't found in the boundary data for position 参議院議員 (Q14552828)
WARNING: the district 鹿児島県選挙区 (Q11676977) wasn't found in the boundary data for position 参議院議員 (Q14552828)
WARNING: the district 神奈川県選挙区 (Q6360260) wasn't found in the boundary data for position 参議院議員 (Q14552828)
WARNING: the district 三重県選挙区 (Q11358172) wasn't found in the boundary data for position 参議院議員 (Q14552828)
WARNING: the district 長野県選挙区 (Q11654789) wasn't found in the boundary data for position 参議院議員 (Q14552828)
WARNING: the district 和歌山県選挙区 (Q11417676) wasn't found in the boundary data for position 参議院議員 (Q14552828)
WARNING: the district 新潟県選挙区 (Q11503570) wasn't found in the boundary data for position 参議院議員 (Q14552828)
WARNING: the district 埼玉県選挙区 (Q11427133) wasn't found in the boundary data for position 参議院議員 (Q14552828)
WARNING: the district 宮城県選挙区 (Q11453975) wasn't found in the boundary data for position 参議院議員 (Q14552828)
WARNING: the district 千葉県選挙区 (Q11406692) wasn't found in the boundary data for position 参議院議員 (Q14552828)
WARNING: the district 愛媛県選挙区 (Q11493789) wasn't found in the boundary data for position 参議院議員 (Q14552828)
WARNING: the district 静岡県選挙区 (Q11663565) wasn't found in the boundary data for position 参議院議員 (Q14552828)
WARNING: the district 沖縄県選挙区 (Q7082015) wasn't found in the boundary data for position 参議院議員 (Q14552828)
WARNING: the district 東京都選挙区 (Q7813827) wasn't found in the boundary data for position 参議院議員 (Q14552828)
WARNING: the district 広島県選挙区 (Q11485250) wasn't found in the boundary data for position 参議院議員 (Q14552828)
WARNING: the district 東京都選挙区 (Q7813827) wasn't found in the boundary data for position 参議院議員 (Q14552828)
WARNING: the district 愛知県選挙区 (Q4696561) wasn't found in the boundary data for position 参議院議員 (Q14552828)
WARNING: the district 参議院比例区 (Q11410207) wasn't found in the boundary data for position 参議院議員 (Q14552828)
WARNING: the district 埼玉県選挙区 (Q11427133) wasn't found in the boundary data for position 参議院議員 (Q14552828)
WARNING: the district 埼玉県選挙区 (Q11427133) wasn't found in the boundary data for position 参議院議員 (Q14552828)
WARNING: the district 福岡県選挙区 (Q5507682) wasn't found in the boundary data for position 参議院議員 (Q14552828)
WARNING: the district 埼玉県選挙区 (Q11427133) wasn't found in the boundary data for position 参議院議員 (Q14552828)
WARNING: the district 青森県選挙区 (Q11662532) wasn't found in the boundary data for position 参議院議員 (Q14552828)
WARNING: the district 新潟県選挙区 (Q11503570) wasn't found in the boundary data for position 参議院議員 (Q14552828)
WARNING: the district 石川県選挙区 (Q11586273) wasn't found in the boundary data for position 参議院議員 (Q14552828)
WARNING: the district 京都府選挙区 (Q11375570) wasn't found in the boundary data for position 参議院議員 (Q14552828)
WARNING: the district 京都府選挙区 (Q11375570) wasn't found in the boundary data for position 参議院議員 (Q14552828)
WARNING: the district 宮崎県選挙区 (Q11454553) wasn't found in the boundary data for position 参議院議員 (Q14552828)
WARNING: the district 兵庫県選挙区 (Q11393644) wasn't found in the boundary data for position 参議院議員 (Q14552828)
WARNING: the district 大分県選挙区 (Q11432995) wasn't found in the boundary data for position 参議院議員 (Q14552828)
WARNING: the district 京都府選挙区 (Q11375570) wasn't found in the boundary data for position 参議院議員 (Q14552828)
WARNING: the district 佐賀県選挙区 (Q11384873) wasn't found in the boundary data for position 参議院議員 (Q14552828)
WARNING: the district 参議院比例区 (Q11410207) wasn't found in the boundary data for position 参議院議員 (Q14552828)
WARNING: the district 静岡県選挙区 (Q11663565) wasn't found in the boundary data for position 参議院議員 (Q14552828)
WARNING: the district 大阪府選挙区 (Q11441412) wasn't found in the boundary data for position 参議院議員 (Q14552828)
WARNING: the district 東京都選挙区 (Q7813827) wasn't found in the boundary data for position 参議院議員 (Q14552828)
WARNING: the district 鹿児島県選挙区 (Q11676977) wasn't found in the boundary data for position 参議院議員 (Q14552828)
WARNING: the district 埼玉県選挙区 (Q11427133) wasn't found in the boundary data for position 参議院議員 (Q14552828)
WARNING: the district 山形県選挙区 (Q11468651) wasn't found in the boundary data for position 参議院議員 (Q14552828)
WARNING: the district 熊本県選挙区 (Q11568580) wasn't found in the boundary data for position 参議院議員 (Q14552828)
WARNING: the district 大分県選挙区 (Q11432995) wasn't found in the boundary data for position 参議院議員 (Q14552828)
WARNING: the district 和歌山県選挙区 (Q11417676) wasn't found in the boundary data for position 参議院議員 (Q14552828)
WARNING: the district 群馬県選挙区 (Q5618878) wasn't found in the boundary data for position 参議院議員 (Q14552828)
WARNING: the district 宮城県選挙区 (Q11453975) wasn't found in the boundary data for position 参議院議員 (Q14552828)
WARNING: the district 東京都選挙区 (Q7813827) wasn't found in the boundary data for position 参議院議員 (Q14552828)
WARNING: the district 東京都選挙区 (Q7813827) wasn't found in the boundary data for position 参議院議員 (Q14552828)
WARNING: the district 岩手県選挙区 (Q6100804) wasn't found in the boundary data for position 参議院議員 (Q14552828)
WARNING: the district 東京都選挙区 (Q7813827) wasn't found in the boundary data for position 参議院議員 (Q14552828)
WARNING: Position 衆議院議員 (Q17506823) not in boundary associated_wikidata_positions
WARNING: the district 北海道第9区 (Q9499044) wasn't found in the boundary data for position 衆議院議員 (Q17506823)
WARNING: the district 千葉県第12区 (Q11406378) wasn't found in the boundary data for position 衆議院議員 (Q17506823)
WARNING: the district 兵庫県第10区 (Q11393144) wasn't found in the boundary data for position 衆議院議員 (Q17506823)
WARNING: the district 島根県第1区 (Q11476527) wasn't found in the boundary data for position 衆議院議員 (Q17506823)
WARNING: the district 島根県第1区 (Q11476527) wasn't found in the boundary data for position 衆議院議員 (Q17506823)
WARNING: the district 千葉県第11区 (Q11406377) wasn't found in the boundary data for position 衆議院議員 (Q17506823)
WARNING: the district 栃木県第4区 (Q11535301) wasn't found in the boundary data for position 衆議院議員 (Q17506823)
WARNING: the district 和歌山県第3区 (Q7960863) wasn't found in the boundary data for position 衆議院議員 (Q17506823)
WARNING: the district 埼玉県第14区 (Q11426791) wasn't found in the boundary data for position 衆議院議員 (Q17506823)
WARNING: the district 静岡県第5区 (Q11663243) wasn't found in the boundary data for position 衆議院議員 (Q17506823)
WARNING: the district 比例南関東ブロック (Q7570062) wasn't found in the boundary data for position 衆議院議員 (Q17506823)
WARNING: the district 比例南関東ブロック (Q7570062) wasn't found in the boundary data for position 衆議院議員 (Q17506823)
WARNING: the district 比例南関東ブロック (Q7570062) wasn't found in the boundary data for position 衆議院議員 (Q17506823)
WARNING: the district 比例南関東ブロック (Q7570062) wasn't found in the boundary data for position 衆議院議員 (Q17506823)
WARNING: the district 山梨県第1区 (Q4356088) wasn't found in the boundary data for position 衆議院議員 (Q17506823)
WARNING: the district 北海道第4区 (Q11403007) wasn't found in the boundary data for position 衆議院議員 (Q17506823)
WARNING: the district 兵庫県第8区 (Q11393159) wasn't found in the boundary data for position 衆議院議員 (Q17506823)
WARNING: the district 大阪府第19区 (Q7105540) wasn't found in the boundary data for position 衆議院議員 (Q17506823)
WARNING: the district 比例近畿ブロック (Q11547390) wasn't found in the boundary data for position 衆議院議員 (Q17506823)
WARNING: the district 比例近畿ブロック (Q11547390) wasn't found in the boundary data for position 衆議院議員 (Q17506823)
WARNING: the district 福岡県第1区 (Q11592614) wasn't found in the boundary data for position 衆議院議員 (Q17506823)
WARNING: the district 長野県第3区 (Q11654365) wasn't found in the boundary data for position 衆議院議員 (Q17506823)
WARNING: the district 静岡県第2区 (Q11663238) wasn't found in the boundary data for position 衆議院議員 (Q17506823)
WARNING: the district 群馬県第2区 (Q11609702) wasn't found in the boundary data for position 衆議院議員 (Q17506823)
WARNING: the district 比例東海ブロック (Q11547389) wasn't found in the boundary data for position 衆議院議員 (Q17506823)
WARNING: the district 愛知県第14区 (Q11494339) wasn't found in the boundary data for position 衆議院議員 (Q17506823)
WARNING: the district 大阪府第6区 (Q11441220) wasn't found in the boundary data for position 衆議院議員 (Q17506823)
WARNING: the district 北海道第7区 (Q11403010) wasn't found in the boundary data for position 衆議院議員 (Q17506823)
WARNING: the district 比例北海道ブロック (Q5878130) wasn't found in the boundary data for position 衆議院議員 (Q17506823)
WARNING: the district 比例東海ブロック (Q11547389) wasn't found in the boundary data for position 衆議院議員 (Q17506823)
WARNING: the district 秋田県第1区 (Q11595528) wasn't found in the boundary data for position 衆議院議員 (Q17506823)
WARNING: the district 比例東京ブロック (Q7814046) wasn't found in the boundary data for position 衆議院議員 (Q17506823)
WARNING: the district 長崎県第2区 (Q6958601) wasn't found in the boundary data for position 衆議院議員 (Q17506823)
WARNING: the district 比例東海ブロック (Q11547389) wasn't found in the boundary data for position 衆議院議員 (Q17506823)
WARNING: the district 大阪府第9区 (Q11441223) wasn't found in the boundary data for position 衆議院議員 (Q17506823)
WARNING: the district 福岡県第3区 (Q11592618) wasn't found in the boundary data for position 衆議院議員 (Q17506823)
WARNING: the district 福岡県第3区 (Q11592618) wasn't found in the boundary data for position 衆議院議員 (Q17506823)
WARNING: the district 比例九州ブロック (Q11547385) wasn't found in the boundary data for position 衆議院議員 (Q17506823)
WARNING: the district 比例東海ブロック (Q11547389) wasn't found in the boundary data for position 衆議院議員 (Q17506823)
WARNING: the district 比例九州ブロック (Q11547385) wasn't found in the boundary data for position 衆議院議員 (Q17506823)
WARNING: the district 大阪府第5区 (Q17221683) wasn't found in the boundary data for position 衆議院議員 (Q17506823)
WARNING: the district 埼玉県第13区 (Q11426789) wasn't found in the boundary data for position 衆議院議員 (Q17506823)
WARNING: the district 比例九州ブロック (Q11547385) wasn't found in the boundary data for position 衆議院議員 (Q17506823)
WARNING: the district 静岡県第7区 (Q11663245) wasn't found in the boundary data for position 衆議院議員 (Q17506823)
WARNING: the district 山梨県第2区 (Q11469742) wasn't found in the boundary data for position 衆議院議員 (Q17506823)
WARNING: the district 兵庫県第6区 (Q11393156) wasn't found in the boundary data for position 衆議院議員 (Q17506823)
WARNING: the district 比例東海ブロック (Q11547389) wasn't found in the boundary data for position 衆議院議員 (Q17506823)
WARNING: the district 滋賀県第1区 (Q7496287) wasn't found in the boundary data for position 衆議院議員 (Q17506823)
WARNING: the district 愛知県第13区 (Q11494340) wasn't found in the boundary data for position 衆議院議員 (Q17506823)
WARNING: the district 東京都第16区 (Q11525653) wasn't found in the boundary data for position 衆議院議員 (Q17506823)
WARNING: the district 比例東海ブロック (Q11547389) wasn't found in the boundary data for position 衆議院議員 (Q17506823)
WARNING: the district 香川県第3区 (Q11667408) wasn't found in the boundary data for position 衆議院議員 (Q17506823)
WARNING: the district 比例南関東ブロック (Q7570062) wasn't found in the boundary data for position 衆議院議員 (Q17506823)
WARNING: the district 京都府第6区 (Q11375292) wasn't found in the boundary data for position 衆議院議員 (Q17506823)
WARNING: the district 福岡県第4区 (Q11592620) wasn't found in the boundary data for position 衆議院議員 (Q17506823)
WARNING: the district 比例南関東ブロック (Q7570062) wasn't found in the boundary data for position 衆議院議員 (Q17506823)
WARNING: the district 比例近畿ブロック (Q11547390) wasn't found in the boundary data for position 衆議院議員 (Q17506823)
WARNING: the district 静岡県第3区 (Q11663241) wasn't found in the boundary data for position 衆議院議員 (Q17506823)
WARNING: the district 東京都第23区 (Q11525659) wasn't found in the boundary data for position 衆議院議員 (Q17506823)
WARNING: the district 比例中国ブロック (Q11547384) wasn't found in the boundary data for position 衆議院議員 (Q17506823)
WARNING: the district 広島県第7区 (Q5771187) wasn't found in the boundary data for position 衆議院議員 (Q17506823)
WARNING: the district 奈良県第1区 (Q11445240) wasn't found in the boundary data for position 衆議院議員 (Q17506823)
WARNING: the district 千葉県第2区 (Q11406381) wasn't found in the boundary data for position 衆議院議員 (Q17506823)
WARNING: the district 埼玉県第11区 (Q11426787) wasn't found in the boundary data for position 衆議院議員 (Q17506823)
WARNING: the district 比例東北ブロック (Q49913) wasn't found in the boundary data for position 衆議院議員 (Q17506823)
WARNING: the district 比例東京ブロック (Q7814046) wasn't found in the boundary data for position 衆議院議員 (Q17506823)
WARNING: the district 群馬県第1区 (Q5618871) wasn't found in the boundary data for position 衆議院議員 (Q17506823)
WARNING: the district 岡山県第2区 (Q11472351) wasn't found in the boundary data for position 衆議院議員 (Q17506823)
WARNING: the district 比例近畿ブロック (Q11547390) wasn't found in the boundary data for position 衆議院議員 (Q17506823)
WARNING: the district 比例九州ブロック (Q11547385) wasn't found in the boundary data for position 衆議院議員 (Q17506823)
WARNING: the district 愛知県第7区 (Q11494352) wasn't found in the boundary data for position 衆議院議員 (Q17506823)
WARNING: the district 比例北海道ブロック (Q5878130) wasn't found in the boundary data for position 衆議院議員 (Q17506823)
WARNING: the district 比例東北ブロック (Q49913) wasn't found in the boundary data for position 衆議院議員 (Q17506823)
WARNING: the district 比例南関東ブロック (Q7570062) wasn't found in the boundary data for position 衆議院議員 (Q17506823)
WARNING: the district 比例東京ブロック (Q7814046) wasn't found in the boundary data for position 衆議院議員 (Q17506823)
WARNING: the district 兵庫県第7区 (Q11393157) wasn't found in the boundary data for position 衆議院議員 (Q17506823)
WARNING: the district 比例東京ブロック (Q7814046) wasn't found in the boundary data for position 衆議院議員 (Q17506823)
WARNING: the district 比例南関東ブロック (Q7570062) wasn't found in the boundary data for position 衆議院議員 (Q17506823)
WARNING: the district 比例九州ブロック (Q11547385) wasn't found in the boundary data for position 衆議院議員 (Q17506823)
WARNING: the district 和歌山県第1区 (Q11417481) wasn't found in the boundary data for position 衆議院議員 (Q17506823)
WARNING: the district 愛知県第4区 (Q11494348) wasn't found in the boundary data for position 衆議院議員 (Q17506823)
WARNING: the district 比例南関東ブロック (Q7570062) wasn't found in the boundary data for position 衆議院議員 (Q17506823)
WARNING: the district 比例東京ブロック (Q7814046) wasn't found in the boundary data for position 衆議院議員 (Q17506823)
WARNING: the district 比例北陸信越ブロック (Q11547387) wasn't found in the boundary data for position 衆議院議員 (Q17506823)
WARNING: the district 比例南関東ブロック (Q7570062) wasn't found in the boundary data for position 衆議院議員 (Q17506823)
WARNING: the district 熊本県第1区 (Q11568324) wasn't found in the boundary data for position 衆議院議員 (Q17506823)
WARNING: the district 東京都第20区 (Q11525656) wasn't found in the boundary data for position 衆議院議員 (Q17506823)
WARNING: the district 比例北海道ブロック (Q5878130) wasn't found in the boundary data for position 衆議院議員 (Q17506823)
WARNING: the district 比例南関東ブロック (Q7570062) wasn't found in the boundary data for position 衆議院議員 (Q17506823)
WARNING: the district 比例東海ブロック (Q11547389) wasn't found in the boundary data for position 衆議院議員 (Q17506823)
WARNING: the district 比例中国ブロック (Q11547384) wasn't found in the boundary data for position 衆議院議員 (Q17506823)
WARNING: the district 比例近畿ブロック (Q11547390) wasn't found in the boundary data for position 衆議院議員 (Q17506823)
WARNING: the district 埼玉県第1区 (Q11426793) wasn't found in the boundary data for position 衆議院議員 (Q17506823)
WARNING: the district 比例東京ブロック (Q7814046) wasn't found in the boundary data for position 衆議院議員 (Q17506823)
WARNING: the district 愛知県第15区 (Q11494341) wasn't found in the boundary data for position 衆議院議員 (Q17506823)
WARNING: the district 比例近畿ブロック (Q11547390) wasn't found in the boundary data for position 衆議院議員 (Q17506823)
WARNING: the district 富山県第3区 (Q11456548) wasn't found in the boundary data for position 衆議院議員 (Q17506823)
WARNING: the district 宮崎県第1区 (Q11454477) wasn't found in the boundary data for position 衆議院議員 (Q17506823)
WARNING: the district 宮崎県第1区 (Q11454477) wasn't found in the boundary data for position 衆議院議員 (Q17506823)
WARNING: the district 滋賀県第3区 (Q11564692) wasn't found in the boundary data for position 衆議院議員 (Q17506823)
WARNING: the district 北海道第12区 (Q11403001) wasn't found in the boundary data for position 衆議院議員 (Q17506823)
WARNING: the district 比例東海ブロック (Q11547389) wasn't found in the boundary data for position 衆議院議員 (Q17506823)
WARNING: the district 比例中国ブロック (Q11547384) wasn't found in the boundary data for position 衆議院議員 (Q17506823)
WARNING: the district 広島県第3区 (Q11484887) wasn't found in the boundary data for position 衆議院議員 (Q17506823)
WARNING: the district 大阪府第11区 (Q11441202) wasn't found in the boundary data for position 衆議院議員 (Q17506823)
WARNING: the district 青森県第1区 (Q4778663) wasn't found in the boundary data for position 衆議院議員 (Q17506823)
WARNING: the district 比例近畿ブロック (Q11547390) wasn't found in the boundary data for position 衆議院議員 (Q17506823)
WARNING: the district 大阪府第7区 (Q7105541) wasn't found in the boundary data for position 衆議院議員 (Q17506823)
WARNING: the district 千葉県第6区 (Q11406387) wasn't found in the boundary data for position 衆議院議員 (Q17506823)
WARNING: the district 比例北海道ブロック (Q5878130) wasn't found in the boundary data for position 衆議院議員 (Q17506823)
WARNING: the district 比例近畿ブロック (Q11547390) wasn't found in the boundary data for position 衆議院議員 (Q17506823)
WARNING: the district 愛知県第1区 (Q11494342) wasn't found in the boundary data for position 衆議院議員 (Q17506823)
WARNING: the district 神奈川県第17区 (Q11589212) wasn't found in the boundary data for position 衆議院議員 (Q17506823)
WARNING: the district 沖縄県第3区 (Q11552837) wasn't found in the boundary data for position 衆議院議員 (Q17506823)
WARNING: the district 香川県第2区 (Q11667406) wasn't found in the boundary data for position 衆議院議員 (Q17506823)
WARNING: the district 比例南関東ブロック (Q7570062) wasn't found in the boundary data for position 衆議院議員 (Q17506823)
WARNING: the district 茨城県第1区 (Q11617501) wasn't found in the boundary data for position 衆議院議員 (Q17506823)
WARNING: the district 比例東海ブロック (Q11547389) wasn't found in the boundary data for position 衆議院議員 (Q17506823)
WARNING: the district 富山県第1区 (Q11456543) wasn't found in the boundary data for position 衆議院議員 (Q17506823)
WARNING: the district 富山県第1区 (Q11456543) wasn't found in the boundary data for position 衆議院議員 (Q17506823)
WARNING: the district 奈良県第3区 (Q11445241) wasn't found in the boundary data for position 衆議院議員 (Q17506823)
WARNING: the district 比例南関東ブロック (Q7570062) wasn't found in the boundary data for position 衆議院議員 (Q17506823)
WARNING: the district 愛媛県第3区 (Q11493673) wasn't found in the boundary data for position 衆議院議員 (Q17506823)
WARNING: the district 千葉県第13区 (Q11406379) wasn't found in the boundary data for position 衆議院議員 (Q17506823)
WARNING: the district 比例九州ブロック (Q11547385) wasn't found in the boundary data for position 衆議院議員 (Q17506823)
WARNING: the district 比例北陸信越ブロック (Q11547387) wasn't found in the boundary data for position 衆議院議員 (Q17506823)
WARNING: the district 茨城県第5区 (Q11617507) wasn't found in the boundary data for position 衆議院議員 (Q17506823)
WARNING: the district 埼玉県第7区 (Q11426803) wasn't found in the boundary data for position 衆議院議員 (Q17506823)
WARNING: the district 比例東海ブロック (Q11547389) wasn't found in the boundary data for position 衆議院議員 (Q17506823)
WARNING: the district 比例四国ブロック (Q7496611) wasn't found in the boundary data for position 衆議院議員 (Q17506823)
WARNING: the district 比例九州ブロック (Q11547385) wasn't found in the boundary data for position 衆議院議員 (Q17506823)
WARNING: the district 比例北海道ブロック (Q5878130) wasn't found in the boundary data for position 衆議院議員 (Q17506823)
WARNING: the district 比例北海道ブロック (Q5878130) wasn't found in the boundary data for position 衆議院議員 (Q17506823)
WARNING: the district 北海道第10区 (Q11402999) wasn't found in the boundary data for position 衆議院議員 (Q17506823)
WARNING: the district 北海道第10区 (Q11402999) wasn't found in the boundary data for position 衆議院議員 (Q17506823)
WARNING: the district 北海道第10区 (Q11402999) wasn't found in the boundary data for position 衆議院議員 (Q17506823)
WARNING: the district 北海道第10区 (Q11402999) wasn't found in the boundary data for position 衆議院議員 (Q17506823)
WARNING: the district 北海道第10区 (Q11402999) wasn't found in the boundary data for position 衆議院議員 (Q17506823)
WARNING: the district 北海道第10区 (Q11402999) wasn't found in the boundary data for position 衆議院議員 (Q17506823)
WARNING: the district 大分県第1区 (Q11432906) wasn't found in the boundary data for position 衆議院議員 (Q17506823)
WARNING: the district 比例近畿ブロック (Q11547390) wasn't found in the boundary data for position 衆議院議員 (Q17506823)
WARNING: the district 群馬県第3区 (Q11609704) wasn't found in the boundary data for position 衆議院議員 (Q17506823)
WARNING: the district 栃木県第3区 (Q56855) wasn't found in the boundary data for position 衆議院議員 (Q17506823)
WARNING: the district 比例北陸信越ブロック (Q11547387) wasn't found in the boundary data for position 衆議院議員 (Q17506823)
WARNING: the district 神奈川県第16区 (Q11589210) wasn't found in the boundary data for position 衆議院議員 (Q17506823)
WARNING: the district 神奈川県第15区 (Q11589211) wasn't found in the boundary data for position 衆議院議員 (Q17506823)
WARNING: the district 比例北海道ブロック (Q5878130) wasn't found in the boundary data for position 衆議院議員 (Q17506823)
WARNING: the district 東京都第9区 (Q11102990) wasn't found in the boundary data for position 衆議院議員 (Q17506823)
WARNING: the district 福島県第4区 (Q11593331) wasn't found in the boundary data for position 衆議院議員 (Q17506823)
WARNING: the district 福岡県第7区 (Q11592624) wasn't found in the boundary data for position 衆議院議員 (Q17506823)
WARNING: the district 兵庫県第4区 (Q11393152) wasn't found in the boundary data for position 衆議院議員 (Q17506823)
WARNING: the district 比例東北ブロック (Q49913) wasn't found in the boundary data for position 衆議院議員 (Q17506823)
WARNING: the district 沖縄県第4区 (Q11552839) wasn't found in the boundary data for position 衆議院議員 (Q17506823)
WARNING: the district 比例近畿ブロック (Q11547390) wasn't found in the boundary data for position 衆議院議員 (Q17506823)
WARNING: the district 東京都第2区 (Q7813811) wasn't found in the boundary data for position 衆議院議員 (Q17506823)
WARNING: the district 比例北陸信越ブロック (Q11547387) wasn't found in the boundary data for position 衆議院議員 (Q17506823)
WARNING: the district 大阪府第18区 (Q11441209) wasn't found in the boundary data for position 衆議院議員 (Q17506823)
WARNING: the district 大阪府第18区 (Q11441209) wasn't found in the boundary data for position 衆議院議員 (Q17506823)
WARNING: the district 愛知県第12区 (Q11494337) wasn't found in the boundary data for position 衆議院議員 (Q17506823)
WARNING: the district 埼玉県第12区 (Q11426788) wasn't found in the boundary data for position 衆議院議員 (Q17506823)
WARNING: the district 熊本県第2区 (Q11568327) wasn't found in the boundary data for position 衆議院議員 (Q17506823)
WARNING: the district 秋田県第2区 (Q11595529) wasn't found in the boundary data for position 衆議院議員 (Q17506823)
WARNING: the district 山形県第2区 (Q11468571) wasn't found in the boundary data for position 衆議院議員 (Q17506823)
WARNING: the district 比例東海ブロック (Q11547389) wasn't found in the boundary data for position 衆議院議員 (Q17506823)
WARNING: the district 愛知県第9区 (Q11494354) wasn't found in the boundary data for position 衆議院議員 (Q17506823)
WARNING: the district 大阪府第14区 (Q11441204) wasn't found in the boundary data for position 衆議院議員 (Q17506823)
WARNING: the district 比例近畿ブロック (Q11547390) wasn't found in the boundary data for position 衆議院議員 (Q17506823)
WARNING: the district 北海道第11区 (Q11403000) wasn't found in the boundary data for position 衆議院議員 (Q17506823)
WARNING: the district 北海道第11区 (Q11403000) wasn't found in the boundary data for position 衆議院議員 (Q17506823)
WARNING: the district 比例東北ブロック (Q49913) wasn't found in the boundary data for position 衆議院議員 (Q17506823)
WARNING: the district 神奈川県第6区 (Q11589222) wasn't found in the boundary data for position 衆議院議員 (Q17506823)
WARNING: the district 神奈川県第6区 (Q11589222) wasn't found in the boundary data for position 衆議院議員 (Q17506823)
WARNING: the district 大阪府第17区 (Q11441206) wasn't found in the boundary data for position 衆議院議員 (Q17506823)
WARNING: the district 比例中国ブロック (Q11547384) wasn't found in the boundary data for position 衆議院議員 (Q17506823)
WARNING: the district 比例東北ブロック (Q49913) wasn't found in the boundary data for position 衆議院議員 (Q17506823)
WARNING: the district 福岡県第2区 (Q11592616) wasn't found in the boundary data for position 衆議院議員 (Q17506823)
WARNING: the district 埼玉県第3区 (Q7402528) wasn't found in the boundary data for position 衆議院議員 (Q17506823)
WARNING: the district 新潟県第3区 (Q11503154) wasn't found in the boundary data for position 衆議院議員 (Q17506823)
WARNING: the district 千葉県第7区 (Q11406389) wasn't found in the boundary data for position 衆議院議員 (Q17506823)
WARNING: the district 茨城県第2区 (Q11617503) wasn't found in the boundary data for position 衆議院議員 (Q17506823)
WARNING: the district 神奈川県第2区 (Q6360252) wasn't found in the boundary data for position 衆議院議員 (Q17506823)
WARNING: the district 兵庫県第11区 (Q10959517) wasn't found in the boundary data for position 衆議院議員 (Q17506823)
WARNING: the district 京都府第2区 (Q6452102) wasn't found in the boundary data for position 衆議院議員 (Q17506823)
WARNING: the district 山口県第4区 (Q11467112) wasn't found in the boundary data for position 衆議院議員 (Q17506823)
WARNING: the district 福岡県第8区 (Q5507680) wasn't found in the boundary data for position 衆議院議員 (Q17506823)
WARNING: the district 鳥取県第1区 (Q7828499) wasn't found in the boundary data for position 衆議院議員 (Q17506823)
WARNING: the district 比例東京ブロック (Q7814046) wasn't found in the boundary data for position 衆議院議員 (Q17506823)
WARNING: the district 岐阜県第2区 (Q11471573) wasn't found in the boundary data for position 衆議院議員 (Q17506823)
WARNING: the district 北海道第3区 (Q11403004) wasn't found in the boundary data for position 衆議院議員 (Q17506823)
WARNING: the district 広島県第4区 (Q11484889) wasn't found in the boundary data for position 衆議院議員 (Q17506823)
WARNING: the district 新潟県第5区 (Q7034372) wasn't found in the boundary data for position 衆議院議員 (Q17506823)
WARNING: the district 千葉県第9区 (Q11406390) wasn't found in the boundary data for position 衆議院議員 (Q17506823)
WARNING: the district 比例北関東ブロック (Q11547386) wasn't found in the boundary data for position 衆議院議員 (Q17506823)
WARNING: the district 福井県第1区 (Q11591498) wasn't found in the boundary data for position 衆議院議員 (Q17506823)
WARNING: the district 大分県第3区 (Q11432909) wasn't found in the boundary data for position 衆議院議員 (Q17506823)
WARNING: the district 大分県第3区 (Q11432909) wasn't found in the boundary data for position 衆議院議員 (Q17506823)
WARNING: the district 東京都第11区 (Q11102981) wasn't found in the boundary data for position 衆議院議員 (Q17506823)
WARNING: the district 栃木県第5区 (Q11535303) wasn't found in the boundary data for position 衆議院議員 (Q17506823)
WARNING: the district 三重県第1区 (Q11357843) wasn't found in the boundary data for position 衆議院議員 (Q17506823)
WARNING: the district 富山県第2区 (Q11456545) wasn't found in the boundary data for position 衆議院議員 (Q17506823)
WARNING: the district 千葉県第1区 (Q11406380) wasn't found in the boundary data for position 衆議院議員 (Q17506823)
WARNING: the district 鹿児島県第2区 (Q11676838) wasn't found in the boundary data for position 衆議院議員 (Q17506823)
WARNING: the district 比例東海ブロック (Q11547389) wasn't found in the boundary data for position 衆議院議員 (Q17506823)
WARNING: the district 福島県第2区 (Q11593328) wasn't found in the boundary data for position 衆議院議員 (Q17506823)
WARNING: the district 岐阜県第5区 (Q11471577) wasn't found in the boundary data for position 衆議院議員 (Q17506823)
WARNING: the district 奈良県第2区 (Q6965225) wasn't found in the boundary data for position 衆議院議員 (Q17506823)
WARNING: the district 比例北陸信越ブロック (Q11547387) wasn't found in the boundary data for position 衆議院議員 (Q17506823)
WARNING: the district 石川県第2区 (Q6080258) wasn't found in the boundary data for position 衆議院議員 (Q17506823)
WARNING: the district 比例北海道ブロック (Q5878130) wasn't found in the boundary data for position 衆議院議員 (Q17506823)
WARNING: the district 比例北海道ブロック (Q5878130) wasn't found in the boundary data for position 衆議院議員 (Q17506823)
WARNING: the district 京都府第4区 (Q11375291) wasn't found in the boundary data for position 衆議院議員 (Q17506823)
WARNING: the district 福岡県第6区 (Q11592623) wasn't found in the boundary data for position 衆議院議員 (Q17506823)
WARNING: the district 比例九州ブロック (Q11547385) wasn't found in the boundary data for position 衆議院議員 (Q17506823)
WARNING: the district 沖縄県第2区 (Q11552836) wasn't found in the boundary data for position 衆議院議員 (Q17506823)
WARNING: the district 比例北関東ブロック (Q11547386) wasn't found in the boundary data for position 衆議院議員 (Q17506823)
WARNING: the district 比例九州ブロック (Q11547385) wasn't found in the boundary data for position 衆議院議員 (Q17506823)
WARNING: the district 比例東海ブロック (Q11547389) wasn't found in the boundary data for position 衆議院議員 (Q17506823)
WARNING: the district 東京都第6区 (Q7813818) wasn't found in the boundary data for position 衆議院議員 (Q17506823)
WARNING: the district 山形県第3区 (Q11468573) wasn't found in the boundary data for position 衆議院議員 (Q17506823)
WARNING: the district 比例中国ブロック (Q11547384) wasn't found in the boundary data for position 衆議院議員 (Q17506823)
WARNING: the district 比例九州ブロック (Q11547385) wasn't found in the boundary data for position 衆議院議員 (Q17506823)
WARNING: the district 比例北陸信越ブロック (Q11547387) wasn't found in the boundary data for position 衆議院議員 (Q17506823)
WARNING: the district 比例東京ブロック (Q7814046) wasn't found in the boundary data for position 衆議院議員 (Q17506823)
WARNING: the district 大阪府第13区 (Q11441203) wasn't found in the boundary data for position 衆議院議員 (Q17506823)
WARNING: the district 比例東海ブロック (Q11547389) wasn't found in the boundary data for position 衆議院議員 (Q17506823)
WARNING: the district 三重県第2区 (Q11357845) wasn't found in the boundary data for position 衆議院議員 (Q17506823)
WARNING: the district 愛知県第2区 (Q11494344) wasn't found in the boundary data for position 衆議院議員 (Q17506823)
WARNING: the district 千葉県第5区 (Q11406386) wasn't found in the boundary data for position 衆議院議員 (Q17506823)
WARNING: the district 山口県第2区 (Q11467109) wasn't found in the boundary data for position 衆議院議員 (Q17506823)
WARNING: the district 比例近畿ブロック (Q11547390) wasn't found in the boundary data for position 衆議院議員 (Q17506823)
WARNING: the district 大阪府第1区 (Q11441208) wasn't found in the boundary data for position 衆議院議員 (Q17506823)
WARNING: the district 大阪府第1区 (Q11441208) wasn't found in the boundary data for position 衆議院議員 (Q17506823)
WARNING: the district 比例近畿ブロック (Q11547390) wasn't found in the boundary data for position 衆議院議員 (Q17506823)
WARNING: the district 比例近畿ブロック (Q11547390) wasn't found in the boundary data for position 衆議院議員 (Q17506823)
WARNING: the district 比例近畿ブロック (Q11547390) wasn't found in the boundary data for position 衆議院議員 (Q17506823)
WARNING: the district 比例南関東ブロック (Q7570062) wasn't found in the boundary data for position 衆議院議員 (Q17506823)
WARNING: the district 東京都第10区 (Q7813802) wasn't found in the boundary data for position 衆議院議員 (Q17506823)
WARNING: the district 比例近畿ブロック (Q11547390) wasn't found in the boundary data for position 衆議院議員 (Q17506823)
WARNING: the district 宮城県第5区 (Q11453780) wasn't found in the boundary data for position 衆議院議員 (Q17506823)
WARNING: the district 比例九州ブロック (Q11547385) wasn't found in the boundary data for position 衆議院議員 (Q17506823)
WARNING: the district 北海道第5区 (Q5878048) wasn't found in the boundary data for position 衆議院議員 (Q17506823)
WARNING: the district 島根県第2区 (Q11476528) wasn't found in the boundary data for position 衆議院議員 (Q17506823)
WARNING: the district 群馬県第4区 (Q5618873) wasn't found in the boundary data for position 衆議院議員 (Q17506823)
WARNING: the district 比例九州ブロック (Q11547385) wasn't found in the boundary data for position 衆議院議員 (Q17506823)
WARNING: the district 比例東京ブロック (Q7814046) wasn't found in the boundary data for position 衆議院議員 (Q17506823)
WARNING: the district 東京都第7区 (Q10343578) wasn't found in the boundary data for position 衆議院議員 (Q17506823)
WARNING: the district 大阪府第12区 (Q376715) wasn't found in the boundary data for position 衆議院議員 (Q17506823)
WARNING: the district 大阪府第12区 (Q376715) wasn't found in the boundary data for position 衆議院議員 (Q17506823)
WARNING: the district 静岡県第1区 (Q11663236) wasn't found in the boundary data for position 衆議院議員 (Q17506823)
WARNING: the district 石川県第1区 (Q11586035) wasn't found in the boundary data for position 衆議院議員 (Q17506823)
WARNING: the district 東京都第12区 (Q11525648) wasn't found in the boundary data for position 衆議院議員 (Q17506823)
WARNING: the district 比例南関東ブロック (Q7570062) wasn't found in the boundary data for position 衆議院議員 (Q17506823)
WARNING: the district 鹿児島県第4区 (Q11676841) wasn't found in the boundary data for position 衆議院議員 (Q17506823)
WARNING: the district 栃木県第2区 (Q11535300) wasn't found in the boundary data for position 衆議院議員 (Q17506823)
WARNING: the district 岩手県第2区 (Q11474791) wasn't found in the boundary data for position 衆議院議員 (Q17506823)
WARNING: the district 比例九州ブロック (Q11547385) wasn't found in the boundary data for position 衆議院議員 (Q17506823)
WARNING: the district 広島県第1区 (Q11484884) wasn't found in the boundary data for position 衆議院議員 (Q17506823)
WARNING: the district 愛媛県第1区 (Q11493668) wasn't found in the boundary data for position 衆議院議員 (Q17506823)
WARNING: the district 比例九州ブロック (Q11547385) wasn't found in the boundary data for position 衆議院議員 (Q17506823)
WARNING: the district 山口県第3区 (Q11467111) wasn't found in the boundary data for position 衆議院議員 (Q17506823)
WARNING: the district 大分県第2区 (Q11432908) wasn't found in the boundary data for position 衆議院議員 (Q17506823)
WARNING: the district 大阪府第10区 (Q7105539) wasn't found in the boundary data for position 衆議院議員 (Q17506823)
WARNING: the district 比例北海道ブロック (Q5878130) wasn't found in the boundary data for position 衆議院議員 (Q17506823)
WARNING: the district 比例近畿ブロック (Q11547390) wasn't found in the boundary data for position 衆議院議員 (Q17506823)
WARNING: the district 比例近畿ブロック (Q11547390) wasn't found in the boundary data for position 衆議院議員 (Q17506823)
WARNING: the district 比例近畿ブロック (Q11547390) wasn't found in the boundary data for position 衆議院議員 (Q17506823)
WARNING: the district 比例東京ブロック (Q7814046) wasn't found in the boundary data for position 衆議院議員 (Q17506823)
WARNING: the district 北海道第1区 (Q5878053) wasn't found in the boundary data for position 衆議院議員 (Q17506823)
WARNING: the district 比例北海道ブロック (Q5878130) wasn't found in the boundary data for position 衆議院議員 (Q17506823)
WARNING: the district 青森県第3区 (Q11662288) wasn't found in the boundary data for position 衆議院議員 (Q17506823)
WARNING: the district 比例東北ブロック (Q49913) wasn't found in the boundary data for position 衆議院議員 (Q17506823)
WARNING: the district 比例東北ブロック (Q49913) wasn't found in the boundary data for position 衆議院議員 (Q17506823)
WARNING: the district 比例東北ブロック (Q49913) wasn't found in the boundary data for position 衆議院議員 (Q17506823)
WARNING: the district 比例北関東ブロック (Q11547386) wasn't found in the boundary data for position 衆議院議員 (Q17506823)
WARNING: the district 比例北関東ブロック (Q11547386) wasn't found in the boundary data for position 衆議院議員 (Q17506823)
WARNING: the district 茨城県第6区 (Q11617508) wasn't found in the boundary data for position 衆議院議員 (Q17506823)
WARNING: the district 比例北関東ブロック (Q11547386) wasn't found in the boundary data for position 衆議院議員 (Q17506823)
WARNING: the district 比例北関東ブロック (Q11547386) wasn't found in the boundary data for position 衆議院議員 (Q17506823)
WARNING: the district 比例北関東ブロック (Q11547386) wasn't found in the boundary data for position 衆議院議員 (Q17506823)
WARNING: the district 比例北関東ブロック (Q11547386) wasn't found in the boundary data for position 衆議院議員 (Q17506823)
WARNING: the district 埼玉県第4区 (Q11426798) wasn't found in the boundary data for position 衆議院議員 (Q17506823)
WARNING: the district 比例南関東ブロック (Q7570062) wasn't found in the boundary data for position 衆議院議員 (Q17506823)
WARNING: the district 比例南関東ブロック (Q7570062) wasn't found in the boundary data for position 衆議院議員 (Q17506823)
WARNING: the district 神奈川県第4区 (Q11589219) wasn't found in the boundary data for position 衆議院議員 (Q17506823)
WARNING: the district 比例南関東ブロック (Q7570062) wasn't found in the boundary data for position 衆議院議員 (Q17506823)
WARNING: the district 比例南関東ブロック (Q7570062) wasn't found in the boundary data for position 衆議院議員 (Q17506823)
WARNING: the district 石川県第3区 (Q11586036) wasn't found in the boundary data for position 衆議院議員 (Q17506823)
WARNING: the district 比例東海ブロック (Q11547389) wasn't found in the boundary data for position 衆議院議員 (Q17506823)
WARNING: the district 比例東海ブロック (Q11547389) wasn't found in the boundary data for position 衆議院議員 (Q17506823)
WARNING: the district 比例東海ブロック (Q11547389) wasn't found in the boundary data for position 衆議院議員 (Q17506823)
WARNING: the district 滋賀県第4区 (Q11564693) wasn't found in the boundary data for position 衆議院議員 (Q17506823)
WARNING: the district 京都府第5区 (Q6452111) wasn't found in the boundary data for position 衆議院議員 (Q17506823)
WARNING: the district 比例近畿ブロック (Q11547390) wasn't found in the boundary data for position 衆議院議員 (Q17506823)
WARNING: the district 比例近畿ブロック (Q11547390) wasn't found in the boundary data for position 衆議院議員 (Q17506823)
WARNING: the district 長崎県第1区 (Q6958596) wasn't found in the boundary data for position 衆議院議員 (Q17506823)
WARNING: the district 比例東海ブロック (Q11547389) wasn't found in the boundary data for position 衆議院議員 (Q17506823)
WARNING: the district 山口県第1区 (Q11467107) wasn't found in the boundary data for position 衆議院議員 (Q17506823)
WARNING: the district 比例北陸信越ブロック (Q11547387) wasn't found in the boundary data for position 衆議院議員 (Q17506823)
WARNING: the district 比例北関東ブロック (Q11547386) wasn't found in the boundary data for position 衆議院議員 (Q17506823)
WARNING: the district 比例北関東ブロック (Q11547386) wasn't found in the boundary data for position 衆議院議員 (Q17506823)
WARNING: the district 比例北陸信越ブロック (Q11547387) wasn't found in the boundary data for position 衆議院議員 (Q17506823)
WARNING: the district 比例北陸信越ブロック (Q11547387) wasn't found in the boundary data for position 衆議院議員 (Q17506823)
WARNING: the district 比例東海ブロック (Q11547389) wasn't found in the boundary data for position 衆議院議員 (Q17506823)
WARNING: the district 岐阜県第4区 (Q11471576) wasn't found in the boundary data for position 衆議院議員 (Q17506823)
WARNING: the district 比例近畿ブロック (Q11547390) wasn't found in the boundary data for position 衆議院議員 (Q17506823)
WARNING: the district 比例中国ブロック (Q11547384) wasn't found in the boundary data for position 衆議院議員 (Q17506823)
WARNING: the district 比例東京ブロック (Q7814046) wasn't found in the boundary data for position 衆議院議員 (Q17506823)
WARNING: the district 比例北関東ブロック (Q11547386) wasn't found in the boundary data for position 衆議院議員 (Q17506823)
WARNING: the district 比例東京ブロック (Q7814046) wasn't found in the boundary data for position 衆議院議員 (Q17506823)
WARNING: the district 比例北関東ブロック (Q11547386) wasn't found in the boundary data for position 衆議院議員 (Q17506823)
WARNING: the district 比例北関東ブロック (Q11547386) wasn't found in the boundary data for position 衆議院議員 (Q17506823)
WARNING: the district 比例中国ブロック (Q11547384) wasn't found in the boundary data for position 衆議院議員 (Q17506823)
WARNING: the district 神奈川県第13区 (Q11589208) wasn't found in the boundary data for position 衆議院議員 (Q17506823)
WARNING: the district 群馬県第5区 (Q11609705) wasn't found in the boundary data for position 衆議院議員 (Q17506823)
WARNING: the district 比例近畿ブロック (Q11547390) wasn't found in the boundary data for position 衆議院議員 (Q17506823)
WARNING: the district 比例九州ブロック (Q11547385) wasn't found in the boundary data for position 衆議院議員 (Q17506823)
WARNING: the district 岐阜県第1区 (Q11471571) wasn't found in the boundary data for position 衆議院議員 (Q17506823)
WARNING: the district 岩手県第3区 (Q11474793) wasn't found in the boundary data for position 衆議院議員 (Q17506823)
WARNING: the district 比例近畿ブロック (Q11547390) wasn't found in the boundary data for position 衆議院議員 (Q17506823)
WARNING: the district 岡山県第1区 (Q11472349) wasn't found in the boundary data for position 衆議院議員 (Q17506823)
WARNING: the district 宮城県第3区 (Q11453778) wasn't found in the boundary data for position 衆議院議員 (Q17506823)
WARNING: the district 東京都第21区 (Q11525658) wasn't found in the boundary data for position 衆議院議員 (Q17506823)
WARNING: the district 比例東京ブロック (Q7814046) wasn't found in the boundary data for position 衆議院議員 (Q17506823)
WARNING: the district 福岡県第9区 (Q11592625) wasn't found in the boundary data for position 衆議院議員 (Q17506823)
WARNING: the district 埼玉県第6区 (Q11426801) wasn't found in the boundary data for position 衆議院議員 (Q17506823)
WARNING: the district 東京都第3区 (Q10343508) wasn't found in the boundary data for position 衆議院議員 (Q17506823)
WARNING: the district 新潟県第1区 (Q11503150) wasn't found in the boundary data for position 衆議院議員 (Q17506823)
WARNING: the district 比例東北ブロック (Q49913) wasn't found in the boundary data for position 衆議院議員 (Q17506823)
WARNING: the district 三重県第3区 (Q6843509) wasn't found in the boundary data for position 衆議院議員 (Q17506823)
WARNING: the district 神奈川県第12区 (Q11589207) wasn't found in the boundary data for position 衆議院議員 (Q17506823)
WARNING: the district 神奈川県第18区 (Q11589213) wasn't found in the boundary data for position 衆議院議員 (Q17506823)
WARNING: the district 埼玉県第2区 (Q11426795) wasn't found in the boundary data for position 衆議院議員 (Q17506823)
WARNING: the district 新潟県第2区 (Q11503151) wasn't found in the boundary data for position 衆議院議員 (Q17506823)
WARNING: the district 福島県第1区 (Q11593326) wasn't found in the boundary data for position 衆議院議員 (Q17506823)
WARNING: the district 佐賀県第1区 (Q7398896) wasn't found in the boundary data for position 衆議院議員 (Q17506823)
WARNING: the district 比例東京ブロック (Q7814046) wasn't found in the boundary data for position 衆議院議員 (Q17506823)
WARNING: the district 岡山県第4区 (Q7081866) wasn't found in the boundary data for position 衆議院議員 (Q17506823)
WARNING: the district 高知県第1区 (Q11672488) wasn't found in the boundary data for position 衆議院議員 (Q17506823)
WARNING: the district 神奈川県第3区 (Q11589215) wasn't found in the boundary data for position 衆議院議員 (Q17506823)
WARNING: the district 栃木県第1区 (Q11535297) wasn't found in the boundary data for position 衆議院議員 (Q17506823)
WARNING: the district 高知県第2区 (Q11672489) wasn't found in the boundary data for position 衆議院議員 (Q17506823)
WARNING: the district 東京都第19区 (Q11525655) wasn't found in the boundary data for position 衆議院議員 (Q17506823)
WARNING: the district 比例北関東ブロック (Q11547386) wasn't found in the boundary data for position 衆議院議員 (Q17506823)
WARNING: the district 愛知県第6区 (Q4696552) wasn't found in the boundary data for position 衆議院議員 (Q17506823)
WARNING: the district 神奈川県第9区 (Q11589225) wasn't found in the boundary data for position 衆議院議員 (Q17506823)
WARNING: the district 千葉県第3区 (Q11406383) wasn't found in the boundary data for position 衆議院議員 (Q17506823)
WARNING: the district 広島県第2区 (Q11484886) wasn't found in the boundary data for position 衆議院議員 (Q17506823)
WARNING: the district 茨城県第4区 (Q5983712) wasn't found in the boundary data for position 衆議院議員 (Q17506823)
WARNING: the district 鹿児島県第1区 (Q11676837) wasn't found in the boundary data for position 衆議院議員 (Q17506823)
WARNING: the district 佐賀県第2区 (Q11384769) wasn't found in the boundary data for position 衆議院議員 (Q17506823)
WARNING: the district 愛知県第5区 (Q4696554) wasn't found in the boundary data for position 衆議院議員 (Q17506823)
WARNING: the district 長野県第5区 (Q11654371) wasn't found in the boundary data for position 衆議院議員 (Q17506823)
WARNING: the district 大阪府第15区 (Q11441205) wasn't found in the boundary data for position 衆議院議員 (Q17506823)
WARNING: the district 東京都第22区 (Q10343462) wasn't found in the boundary data for position 衆議院議員 (Q17506823)
WARNING: the district 神奈川県第14区 (Q11589209) wasn't found in the boundary data for position 衆議院議員 (Q17506823)
WARNING: the district 神奈川県第1区 (Q6360246) wasn't found in the boundary data for position 衆議院議員 (Q17506823)
WARNING: the district 比例四国ブロック (Q7496611) wasn't found in the boundary data for position 衆議院議員 (Q17506823)
WARNING: the district 比例南関東ブロック (Q7570062) wasn't found in the boundary data for position 衆議院議員 (Q17506823)
WARNING: the district 東京都第17区 (Q11525654) wasn't found in the boundary data for position 衆議院議員 (Q17506823)
WARNING: the district 岡山県第5区 (Q11472354) wasn't found in the boundary data for position 衆議院議員 (Q17506823)
WARNING: the district 神奈川県第10区 (Q6360240) wasn't found in the boundary data for position 衆議院議員 (Q17506823)
WARNING: the district 大阪府第16区 (Q11441207) wasn't found in the boundary data for position 衆議院議員 (Q17506823)
WARNING: the district 兵庫県第2区 (Q11393148) wasn't found in the boundary data for position 衆議院議員 (Q17506823)
WARNING: the district 比例北関東ブロック (Q11547386) wasn't found in the boundary data for position 衆議院議員 (Q17506823)
WARNING: the district 比例中国ブロック (Q11547384) wasn't found in the boundary data for position 衆議院議員 (Q17506823)
WARNING: the district 比例近畿ブロック (Q11547390) wasn't found in the boundary data for position 衆議院議員 (Q17506823)
WARNING: the district 比例北関東ブロック (Q11547386) wasn't found in the boundary data for position 衆議院議員 (Q17506823)
WARNING: the district 神奈川県第7区 (Q11589224) wasn't found in the boundary data for position 衆議院議員 (Q17506823)
WARNING: the district 比例中国ブロック (Q11547384) wasn't found in the boundary data for position 衆議院議員 (Q17506823)
WARNING: the district 滋賀県第2区 (Q11564691) wasn't found in the boundary data for position 衆議院議員 (Q17506823)
WARNING: the district 神奈川県第8区 (Q11589223) wasn't found in the boundary data for position 衆議院議員 (Q17506823)
WARNING: the district 東京都第5区 (Q11102988) wasn't found in the boundary data for position 衆議院議員 (Q17506823)
WARNING: the district 京都府第3区 (Q6452106) wasn't found in the boundary data for position 衆議院議員 (Q17506823)
WARNING: the district 茨城県第7区 (Q11617509) wasn't found in the boundary data for position 衆議院議員 (Q17506823)
WARNING: the district 比例九州ブロック (Q11547385) wasn't found in the boundary data for position 衆議院議員 (Q17506823)
WARNING: the district 東京都第24区 (Q11525660) wasn't found in the boundary data for position 衆議院議員 (Q17506823)
WARNING: the district 兵庫県第5区 (Q11393154) wasn't found in the boundary data for position 衆議院議員 (Q17506823)
WARNING: the district 愛媛県第4区 (Q11493674) wasn't found in the boundary data for position 衆議院議員 (Q17506823)
WARNING: the district 広島県第6区 (Q11484890) wasn't found in the boundary data for position 衆議院議員 (Q17506823)
WARNING: the district 福岡県第10区 (Q11592612) wasn't found in the boundary data for position 衆議院議員 (Q17506823)
WARNING: the district 愛知県第3区 (Q11494346) wasn't found in the boundary data for position 衆議院議員 (Q17506823)
WARNING: the district 神奈川県第11区 (Q6360245) wasn't found in the boundary data for position 衆議院議員 (Q17506823)
WARNING: the district 新潟県第4区 (Q11503156) wasn't found in the boundary data for position 衆議院議員 (Q17506823)
WARNING: the district 神奈川県第5区 (Q11589221) wasn't found in the boundary data for position 衆議院議員 (Q17506823)
WARNING: the district 比例東北ブロック (Q49913) wasn't found in the boundary data for position 衆議院議員 (Q17506823)
WARNING: the district 東京都第4区 (Q10343531) wasn't found in the boundary data for position 衆議院議員 (Q17506823)
WARNING: the district 東京都第4区 (Q10343531) wasn't found in the boundary data for position 衆議院議員 (Q17506823)
WARNING: the district 埼玉県第8区 (Q11426805) wasn't found in the boundary data for position 衆議院議員 (Q17506823)
WARNING: the district 比例九州ブロック (Q11547385) wasn't found in the boundary data for position 衆議院議員 (Q17506823)
WARNING: the district 兵庫県第1区 (Q11393146) wasn't found in the boundary data for position 衆議院議員 (Q17506823)
WARNING: the district 比例北関東ブロック (Q11547386) wasn't found in the boundary data for position 衆議院議員 (Q17506823)
WARNING: the district 和歌山県第2区 (Q11417484) wasn't found in the boundary data for position 衆議院議員 (Q17506823)
WARNING: the district 徳島県第1区 (Q7813763) wasn't found in the boundary data for position 衆議院議員 (Q17506823)
WARNING: the district 比例東京ブロック (Q7814046) wasn't found in the boundary data for position 衆議院議員 (Q17506823)
WARNING: the district 比例中国ブロック (Q11547384) wasn't found in the boundary data for position 衆議院議員 (Q17506823)
WARNING: the district 東京都第14区 (Q11525651) wasn't found in the boundary data for position 衆議院議員 (Q17506823)
WARNING: the district 広島県第5区 (Q11484891) wasn't found in the boundary data for position 衆議院議員 (Q17506823)
WARNING: the district 広島県第5区 (Q11484891) wasn't found in the boundary data for position 衆議院議員 (Q17506823)
WARNING: the district 長野県第2区 (Q11654364) wasn't found in the boundary data for position 衆議院議員 (Q17506823)
WARNING: the district 比例東海ブロック (Q11547389) wasn't found in the boundary data for position 衆議院議員 (Q17506823)
WARNING: the district 兵庫県第12区 (Q11393145) wasn't found in the boundary data for position 衆議院議員 (Q17506823)
WARNING: the district 比例南関東ブロック (Q7570062) wasn't found in the boundary data for position 衆議院議員 (Q17506823)
WARNING: the district 三重県第4区 (Q11357847) wasn't found in the boundary data for position 衆議院議員 (Q17506823)
WARNING: the district 比例四国ブロック (Q7496611) wasn't found in the boundary data for position 衆議院議員 (Q17506823)
WARNING: the district 比例四国ブロック (Q7496611) wasn't found in the boundary data for position 衆議院議員 (Q17506823)
WARNING: the district 京都府第1区 (Q11375290) wasn't found in the boundary data for position 衆議院議員 (Q17506823)
WARNING: the district 東京都第13区 (Q11525650) wasn't found in the boundary data for position 衆議院議員 (Q17506823)
WARNING: the district 埼玉県第5区 (Q11426800) wasn't found in the boundary data for position 衆議院議員 (Q17506823)
WARNING: the district 鳥取県第2区 (Q11674598) wasn't found in the boundary data for position 衆議院議員 (Q17506823)
WARNING: the district 埼玉県第15区 (Q11426792) wasn't found in the boundary data for position 衆議院議員 (Q17506823)
WARNING: the district 福岡県第11区 (Q11592613) wasn't found in the boundary data for position 衆議院議員 (Q17506823)
WARNING: the district 長崎県第4区 (Q11652769) wasn't found in the boundary data for position 衆議院議員 (Q17506823)
WARNING: the district 愛媛県第2区 (Q11493670) wasn't found in the boundary data for position 衆議院議員 (Q17506823)
WARNING: the district 北海道第8区 (Q9498966) wasn't found in the boundary data for position 衆議院議員 (Q17506823)
WARNING: the district 沖縄県第1区 (Q11552835) wasn't found in the boundary data for position 衆議院議員 (Q17506823)
WARNING: the district 比例南関東ブロック (Q7570062) wasn't found in the boundary data for position 衆議院議員 (Q17506823)
WARNING: the district 大阪府第3区 (Q11441213) wasn't found in the boundary data for position 衆議院議員 (Q17506823)
WARNING: the district 長野県第4区 (Q11654368) wasn't found in the boundary data for position 衆議院議員 (Q17506823)
WARNING: the district 比例南関東ブロック (Q7570062) wasn't found in the boundary data for position 衆議院議員 (Q17506823)
WARNING: the district 愛知県第11区 (Q11494338) wasn't found in the boundary data for position 衆議院議員 (Q17506823)
WARNING: the district 東京都第25区 (Q10971927) wasn't found in the boundary data for position 衆議院議員 (Q17506823)
WARNING: the district 比例近畿ブロック (Q11547390) wasn't found in the boundary data for position 衆議院議員 (Q17506823)
WARNING: the district 宮城県第4区 (Q11453779) wasn't found in the boundary data for position 衆議院議員 (Q17506823)
WARNING: the district 静岡県第6区 (Q11663244) wasn't found in the boundary data for position 衆議院議員 (Q17506823)
WARNING: the district 新潟県第6区 (Q11503158) wasn't found in the boundary data for position 衆議院議員 (Q17506823)
WARNING: the district 比例九州ブロック (Q11547385) wasn't found in the boundary data for position 衆議院議員 (Q17506823)
WARNING: the district 徳島県第2区 (Q11489990) wasn't found in the boundary data for position 衆議院議員 (Q17506823)
WARNING: the district 比例北陸信越ブロック (Q11547387) wasn't found in the boundary data for position 衆議院議員 (Q17506823)
WARNING: the district 愛知県第8区 (Q11494353) wasn't found in the boundary data for position 衆議院議員 (Q17506823)
WARNING: the district 埼玉県第10区 (Q11426786) wasn't found in the boundary data for position 衆議院議員 (Q17506823)
WARNING: the district 北海道第6区 (Q11403009) wasn't found in the boundary data for position 衆議院議員 (Q17506823)
WARNING: the district 北海道第2区 (Q9498886) wasn't found in the boundary data for position 衆議院議員 (Q17506823)
WARNING: the district 比例東京ブロック (Q7814046) wasn't found in the boundary data for position 衆議院議員 (Q17506823)
WARNING: the district 大阪府第8区 (Q11441222) wasn't found in the boundary data for position 衆議院議員 (Q17506823)
WARNING: the district 長野県第1区 (Q11654363) wasn't found in the boundary data for position 衆議院議員 (Q17506823)
WARNING: the district 比例近畿ブロック (Q11547390) wasn't found in the boundary data for position 衆議院議員 (Q17506823)
WARNING: the district 宮崎県第2区 (Q11454479) wasn't found in the boundary data for position 衆議院議員 (Q17506823)
WARNING: the district 埼玉県第9区 (Q11426804) wasn't found in the boundary data for position 衆議院議員 (Q17506823)
WARNING: the district 比例北陸信越ブロック (Q11547387) wasn't found in the boundary data for position 衆議院議員 (Q17506823)
WARNING: the district 香川県第1区 (Q11667404) wasn't found in the boundary data for position 衆議院議員 (Q17506823)
WARNING: the district 比例四国ブロック (Q7496611) wasn't found in the boundary data for position 衆議院議員 (Q17506823)
WARNING: the district 愛知県第10区 (Q11494336) wasn't found in the boundary data for position 衆議院議員 (Q17506823)
WARNING: the district 熊本県第3区 (Q11568329) wasn't found in the boundary data for position 衆議院議員 (Q17506823)
WARNING: the district 比例北関東ブロック (Q11547386) wasn't found in the boundary data for position 衆議院議員 (Q17506823)
WARNING: the district 比例近畿ブロック (Q11547390) wasn't found in the boundary data for position 衆議院議員 (Q17506823)
WARNING: the district 山形県第1区 (Q8047616) wasn't found in the boundary data for position 衆議院議員 (Q17506823)
WARNING: the district 岡山県第3区 (Q11472353) wasn't found in the boundary data for position 衆議院議員 (Q17506823)
WARNING: the district 東京都第15区 (Q11525652) wasn't found in the boundary data for position 衆議院議員 (Q17506823)
WARNING: the district 比例九州ブロック (Q11547385) wasn't found in the boundary data for position 衆議院議員 (Q17506823)
WARNING: the district 福井県第2区 (Q11591499) wasn't found in the boundary data for position 衆議院議員 (Q17506823)
WARNING: the district 宮城県第1区 (Q11453772) wasn't found in the boundary data for position 衆議院議員 (Q17506823)
WARNING: the district 比例東海ブロック (Q11547389) wasn't found in the boundary data for position 衆議院議員 (Q17506823)
WARNING: the district 長崎県第3区 (Q251994) wasn't found in the boundary data for position 衆議院議員 (Q17506823)
WARNING: the district 大阪府第4区 (Q11441214) wasn't found in the boundary data for position 衆議院議員 (Q17506823)
WARNING: the district 茨城県第3区 (Q11617504) wasn't found in the boundary data for position 衆議院議員 (Q17506823)
WARNING: the district 鹿児島県第3区 (Q6346640) wasn't found in the boundary data for position 衆議院議員 (Q17506823)
WARNING: the district 比例北関東ブロック (Q11547386) wasn't found in the boundary data for position 衆議院議員 (Q17506823)
WARNING: the district 熊本県第4区 (Q11568330) wasn't found in the boundary data for position 衆議院議員 (Q17506823)
WARNING: the district 兵庫県第9区 (Q11393158) wasn't found in the boundary data for position 衆議院議員 (Q17506823)
WARNING: the district 比例九州ブロック (Q11547385) wasn't found in the boundary data for position 衆議院議員 (Q17506823)
WARNING: the district 岐阜県第3区 (Q11471575) wasn't found in the boundary data for position 衆議院議員 (Q17506823)
WARNING: the district 比例近畿ブロック (Q11547390) wasn't found in the boundary data for position 衆議院議員 (Q17506823)
WARNING: the district 福岡県第5区 (Q11592622) wasn't found in the boundary data for position 衆議院議員 (Q17506823)
WARNING: the district 兵庫県第3区 (Q11393149) wasn't found in the boundary data for position 衆議院議員 (Q17506823)
WARNING: the district 宮崎県第3区 (Q11454481) wasn't found in the boundary data for position 衆議院議員 (Q17506823)
WARNING: the district 比例東海ブロック (Q11547389) wasn't found in the boundary data for position 衆議院議員 (Q17506823)
WARNING: the district 静岡県第4区 (Q11663242) wasn't found in the boundary data for position 衆議院議員 (Q17506823)
WARNING: the district 千葉県第8区 (Q11406388) wasn't found in the boundary data for position 衆議院議員 (Q17506823)
WARNING: the district 比例東北ブロック (Q49913) wasn't found in the boundary data for position 衆議院議員 (Q17506823)
WARNING: the district 比例四国ブロック (Q7496611) wasn't found in the boundary data for position 衆議院議員 (Q17506823)
WARNING: the district 比例近畿ブロック (Q11547390) wasn't found in the boundary data for position 衆議院議員 (Q17506823)
WARNING: the district 比例東京ブロック (Q7814046) wasn't found in the boundary data for position 衆議院議員 (Q17506823)
WARNING: the district 東京都第1区 (Q7813806) wasn't found in the boundary data for position 衆議院議員 (Q17506823)
WARNING: the district 大阪府第2区 (Q11441212) wasn't found in the boundary data for position 衆議院議員 (Q17506823)
WARNING: the district 比例中国ブロック (Q11547384) wasn't found in the boundary data for position 衆議院議員 (Q17506823)
WARNING: the district 千葉県第10区 (Q11406376) wasn't found in the boundary data for position 衆議院議員 (Q17506823)
WARNING: the district 静岡県第8区 (Q11663246) wasn't found in the boundary data for position 衆議院議員 (Q17506823)
WARNING: the district 東京都第8区 (Q7813822) wasn't found in the boundary data for position 衆議院議員 (Q17506823)
WARNING: the district 東京都第18区 (Q7813807) wasn't found in the boundary data for position 衆議院議員 (Q17506823)
WARNING: the district 岩手県第1区 (Q49876) wasn't found in the boundary data for position 衆議院議員 (Q17506823)
WARNING: the district 比例東北ブロック (Q49913) wasn't found in the boundary data for position 衆議院議員 (Q17506823)
WARNING: the district 福島県第5区 (Q11593333) wasn't found in the boundary data for position 衆議院議員 (Q17506823)
WARNING: the district 宮城県第6区 (Q11453781) wasn't found in the boundary data for position 衆議院議員 (Q17506823)
WARNING: the district 秋田県第3区 (Q11595531) wasn't found in the boundary data for position 衆議院議員 (Q17506823)
WARNING: the district 宮城県第2区 (Q11453776) wasn't found in the boundary data for position 衆議院議員 (Q17506823)
WARNING: the district 青森県第2区 (Q11662287) wasn't found in the boundary data for position 衆議院議員 (Q17506823)
WARNING: the district 比例東北ブロック (Q49913) wasn't found in the boundary data for position 衆議院議員 (Q17506823)
WARNING: the district 千葉県第4区 (Q5095299) wasn't found in the boundary data for position 衆議院議員 (Q17506823)
WARNING: the district 福島県第3区 (Q5507720) wasn't found in the boundary data for position 衆議院議員 (Q17506823)
WARNING: Position 内閣総理大臣 (Q274948) not in boundary associated_wikidata_positions
WARNING: the district 日本 (Q17) wasn't found in the boundary data for position 内閣総理大臣 (Q274948)
WARNING: the district 日本 (Q17) wasn't found in the boundary data for position 内閣総理大臣 (Q274948)
